Archive member included to satisfy reference by file (symbol)

/home/sogang/work/riscv32im/lib/gcc/riscv32-unknown-elf/13.2.0/rv32im/ilp32/libgcc.a(adddf3.o)
                              obj/uart_api.o (__adddf3)
/home/sogang/work/riscv32im/lib/gcc/riscv32-unknown-elf/13.2.0/rv32im/ilp32/libgcc.a(fixdfsi.o)
                              obj/uart_api.o (__fixdfsi)
/home/sogang/work/riscv32im/lib/gcc/riscv32-unknown-elf/13.2.0/rv32im/ilp32/libgcc.a(floatunsidf.o)
                              obj/uart_api.o (__floatunsidf)
/home/sogang/work/riscv32im/lib/gcc/riscv32-unknown-elf/13.2.0/rv32im/ilp32/libgcc.a(eqsf2.o)
                              obj/my_printf.o (__nesf2)
/home/sogang/work/riscv32im/lib/gcc/riscv32-unknown-elf/13.2.0/rv32im/ilp32/libgcc.a(lesf2.o)
                              obj/my_printf.o (__ltsf2)
/home/sogang/work/riscv32im/lib/gcc/riscv32-unknown-elf/13.2.0/rv32im/ilp32/libgcc.a(mulsf3.o)
                              obj/my_printf.o (__mulsf3)
/home/sogang/work/riscv32im/lib/gcc/riscv32-unknown-elf/13.2.0/rv32im/ilp32/libgcc.a(subsf3.o)
                              obj/my_printf.o (__subsf3)
/home/sogang/work/riscv32im/lib/gcc/riscv32-unknown-elf/13.2.0/rv32im/ilp32/libgcc.a(fixsfsi.o)
                              obj/my_printf.o (__fixsfsi)
/home/sogang/work/riscv32im/lib/gcc/riscv32-unknown-elf/13.2.0/rv32im/ilp32/libgcc.a(floatsisf.o)
                              obj/my_printf.o (__floatsisf)
/home/sogang/work/riscv32im/lib/gcc/riscv32-unknown-elf/13.2.0/rv32im/ilp32/libgcc.a(truncdfsf2.o)
                              obj/my_printf.o (__truncdfsf2)
/home/sogang/work/riscv32im/lib/gcc/riscv32-unknown-elf/13.2.0/rv32im/ilp32/libgcc.a(_clzsi2.o)
                              /home/sogang/work/riscv32im/lib/gcc/riscv32-unknown-elf/13.2.0/rv32im/ilp32/libgcc.a(adddf3.o) (__clzsi2)
/home/sogang/work/riscv32im/lib/gcc/riscv32-unknown-elf/13.2.0/rv32im/ilp32/libgcc.a(_clz.o)
                              /home/sogang/work/riscv32im/lib/gcc/riscv32-unknown-elf/13.2.0/rv32im/ilp32/libgcc.a(_clzsi2.o) (__clz_tab)

There are no discarded input sections

Memory Configuration

Name             Origin             Length             Attributes
RAM              0x00000000         0x00020000         axrw
*default*        0x00000000         0xffffffff

Linker script and memory map

LOAD obj/start.o
LOAD obj/main.o
LOAD obj/sieve.o
LOAD obj/my_printf.o
LOAD obj/uart_api.o

.text           0x00000000     0x27f0
                [!provide]                        PROVIDE (_text_start = .)
 *(.text.init)
 .text.init     0x00000000       0x48 obj/start.o
                0x00000000                _start
 *(.tohost)
 *(.fromhost)
 *(.text .text.*)
 .text          0x00000048        0x0 obj/start.o
 .text          0x00000048       0x6c obj/main.o
                0x00000048                main
 .text          0x000000b4      0x528 obj/sieve.o
                0x000000b4                print_chr
                0x000000ec                print_str
                0x0000011c                print_dec
                0x000001d4                print_hex
                0x00000480                sieve
 .text          0x000005dc      0x73c obj/my_printf.o
                0x000005dc                my_putc
                0x0000061c                my_putchar
                0x00000658                my_getc
                0x00000688                my_getchar
                0x000006b4                my_puts
                0x000006ec                my_printf
                0x0000075c                my_printn
                0x00000850                my_printflt
                0x000009c8                my_vprintf
 .text          0x00000d18      0x6a8 obj/uart_api.o
                0x00000d18                uart_init
                0x00000e5c                uart_init_ext
                0x00000fe8                uart_get_char
                0x00001028                uart_put_char
                0x00001088                uart_put_string
                0x0000110c                uart_put_int
                0x000011a0                uart_put_hex
                0x00001254                uart_cler_tx_irq
                0x000012a4                uart_cler_rx_irq
                0x000012f4                uart_get_clk_freq
                0x00001328                uart_set_addr
                0x000013a0                uart_get_addr
 .text          0x000013c0      0x794 /home/sogang/work/riscv32im/lib/gcc/riscv32-unknown-elf/13.2.0/rv32im/ilp32/libgcc.a(adddf3.o)
                0x000013c0                __adddf3
 .text          0x00001b54       0x80 /home/sogang/work/riscv32im/lib/gcc/riscv32-unknown-elf/13.2.0/rv32im/ilp32/libgcc.a(fixdfsi.o)
                0x00001b54                __fixdfsi
 .text          0x00001bd4       0x80 /home/sogang/work/riscv32im/lib/gcc/riscv32-unknown-elf/13.2.0/rv32im/ilp32/libgcc.a(floatunsidf.o)
                0x00001bd4                __floatunsidf
 .text          0x00001c54       0x68 /home/sogang/work/riscv32im/lib/gcc/riscv32-unknown-elf/13.2.0/rv32im/ilp32/libgcc.a(eqsf2.o)
                0x00001c54                __nesf2
                0x00001c54                __eqsf2
 .text          0x00001cbc       0xac /home/sogang/work/riscv32im/lib/gcc/riscv32-unknown-elf/13.2.0/rv32im/ilp32/libgcc.a(lesf2.o)
                0x00001cbc                __lesf2
                0x00001cbc                __ltsf2
 .text          0x00001d68      0x31c /home/sogang/work/riscv32im/lib/gcc/riscv32-unknown-elf/13.2.0/rv32im/ilp32/libgcc.a(mulsf3.o)
                0x00001d68                __mulsf3
 .text          0x00002084      0x430 /home/sogang/work/riscv32im/lib/gcc/riscv32-unknown-elf/13.2.0/rv32im/ilp32/libgcc.a(subsf3.o)
                0x00002084                __subsf3
 .text          0x000024b4       0x70 /home/sogang/work/riscv32im/lib/gcc/riscv32-unknown-elf/13.2.0/rv32im/ilp32/libgcc.a(fixsfsi.o)
                0x000024b4                __fixsfsi
 .text          0x00002524      0x108 /home/sogang/work/riscv32im/lib/gcc/riscv32-unknown-elf/13.2.0/rv32im/ilp32/libgcc.a(floatsisf.o)
                0x00002524                __floatsisf
 .text          0x0000262c      0x178 /home/sogang/work/riscv32im/lib/gcc/riscv32-unknown-elf/13.2.0/rv32im/ilp32/libgcc.a(truncdfsf2.o)
                0x0000262c                __truncdfsf2
 .text          0x000027a4       0x48 /home/sogang/work/riscv32im/lib/gcc/riscv32-unknown-elf/13.2.0/rv32im/ilp32/libgcc.a(_clzsi2.o)
                0x000027a4                __clzsi2
 .text          0x000027ec        0x0 /home/sogang/work/riscv32im/lib/gcc/riscv32-unknown-elf/13.2.0/rv32im/ilp32/libgcc.a(_clz.o)
                [!provide]                        PROVIDE (_text_end = .)
                0x000027f0                        . = ALIGN (0x8)
 *fill*         0x000027ec        0x4 
                0x000027f0                        . = ALIGN (0x8)
                0x000027f0                        PROVIDE (__global_pointer$ = .)

.rodata         0x000027f0      0x1d8
                0x000027f0                        . = ALIGN (0x8)
                [!provide]                        PROVIDE (_rodata_start = .)
 *(.rodata .rodata.*)
 .rodata        0x000027f0        0xb obj/main.o
 *fill*         0x000027fb        0x1 
 .rodata        0x000027fc       0x54 obj/sieve.o
 .rodata        0x00002850       0x70 obj/my_printf.o
 .rodata        0x000028c0        0x8 obj/uart_api.o
 .rodata        0x000028c8      0x100 /home/sogang/work/riscv32im/lib/gcc/riscv32-unknown-elf/13.2.0/rv32im/ilp32/libgcc.a(_clz.o)
                0x000028c8                __clz_tab
 *(.srodata .srodata.*)
                [!provide]                        PROVIDE (_rodata_end = .)
                0x000029c8                        . = ALIGN (0x8)

.rela.dyn       0x000029c8        0x0
 .rela.text.init
                0x000029c8        0x0 obj/start.o

.data           0x000029c8       0x30
                0x000029c8                        . = ALIGN (0x8)
                [!provide]                        PROVIDE (_data_start = .)
 *(.data .data.*)
 .data          0x000029c8       0x10 obj/start.o
                0x000029c8                tohost
                0x000029d0                fromhost
 .data          0x000029d8        0x0 obj/main.o
 .data          0x000029d8        0x0 obj/sieve.o
 .data          0x000029d8        0x0 obj/my_printf.o
 .data          0x000029d8        0x0 obj/uart_api.o
 .data          0x000029d8        0x0 /home/sogang/work/riscv32im/lib/gcc/riscv32-unknown-elf/13.2.0/rv32im/ilp32/libgcc.a(adddf3.o)
 .data          0x000029d8        0x0 /home/sogang/work/riscv32im/lib/gcc/riscv32-unknown-elf/13.2.0/rv32im/ilp32/libgcc.a(fixdfsi.o)
 .data          0x000029d8        0x0 /home/sogang/work/riscv32im/lib/gcc/riscv32-unknown-elf/13.2.0/rv32im/ilp32/libgcc.a(floatunsidf.o)
 .data          0x000029d8        0x0 /home/sogang/work/riscv32im/lib/gcc/riscv32-unknown-elf/13.2.0/rv32im/ilp32/libgcc.a(eqsf2.o)
 .data          0x000029d8        0x0 /home/sogang/work/riscv32im/lib/gcc/riscv32-unknown-elf/13.2.0/rv32im/ilp32/libgcc.a(lesf2.o)
 .data          0x000029d8        0x0 /home/sogang/work/riscv32im/lib/gcc/riscv32-unknown-elf/13.2.0/rv32im/ilp32/libgcc.a(mulsf3.o)
 .data          0x000029d8        0x0 /home/sogang/work/riscv32im/lib/gcc/riscv32-unknown-elf/13.2.0/rv32im/ilp32/libgcc.a(subsf3.o)
 .data          0x000029d8        0x0 /home/sogang/work/riscv32im/lib/gcc/riscv32-unknown-elf/13.2.0/rv32im/ilp32/libgcc.a(fixsfsi.o)
 .data          0x000029d8        0x0 /home/sogang/work/riscv32im/lib/gcc/riscv32-unknown-elf/13.2.0/rv32im/ilp32/libgcc.a(floatsisf.o)
 .data          0x000029d8        0x0 /home/sogang/work/riscv32im/lib/gcc/riscv32-unknown-elf/13.2.0/rv32im/ilp32/libgcc.a(truncdfsf2.o)
 .data          0x000029d8        0x0 /home/sogang/work/riscv32im/lib/gcc/riscv32-unknown-elf/13.2.0/rv32im/ilp32/libgcc.a(_clzsi2.o)
 .data          0x000029d8        0x0 /home/sogang/work/riscv32im/lib/gcc/riscv32-unknown-elf/13.2.0/rv32im/ilp32/libgcc.a(_clz.o)
 *(.sdata .sdata.*)
 .sdata         0x000029d8       0x20 obj/uart_api.o
                [!provide]                        PROVIDE (_data_end = .)
                0x000029f8                        . = ALIGN (0x8)

.bss            0x000029f8       0x10
                0x000029f8                        . = ALIGN (0x8)
                0x000029f8                        PROVIDE (_bss_start = .)
 *(.bss .bss.*)
 .bss           0x000029f8        0x0 obj/start.o
 .bss           0x000029f8        0x0 obj/main.o
 .bss           0x000029f8        0xc obj/sieve.o
 .bss           0x00002a04        0x0 obj/my_printf.o
 .bss           0x00002a04        0x0 obj/uart_api.o
 .bss           0x00002a04        0x0 /home/sogang/work/riscv32im/lib/gcc/riscv32-unknown-elf/13.2.0/rv32im/ilp32/libgcc.a(adddf3.o)
 .bss           0x00002a04        0x0 /home/sogang/work/riscv32im/lib/gcc/riscv32-unknown-elf/13.2.0/rv32im/ilp32/libgcc.a(fixdfsi.o)
 .bss           0x00002a04        0x0 /home/sogang/work/riscv32im/lib/gcc/riscv32-unknown-elf/13.2.0/rv32im/ilp32/libgcc.a(floatunsidf.o)
 .bss           0x00002a04        0x0 /home/sogang/work/riscv32im/lib/gcc/riscv32-unknown-elf/13.2.0/rv32im/ilp32/libgcc.a(eqsf2.o)
 .bss           0x00002a04        0x0 /home/sogang/work/riscv32im/lib/gcc/riscv32-unknown-elf/13.2.0/rv32im/ilp32/libgcc.a(lesf2.o)
 .bss           0x00002a04        0x0 /home/sogang/work/riscv32im/lib/gcc/riscv32-unknown-elf/13.2.0/rv32im/ilp32/libgcc.a(mulsf3.o)
 .bss           0x00002a04        0x0 /home/sogang/work/riscv32im/lib/gcc/riscv32-unknown-elf/13.2.0/rv32im/ilp32/libgcc.a(subsf3.o)
 .bss           0x00002a04        0x0 /home/sogang/work/riscv32im/lib/gcc/riscv32-unknown-elf/13.2.0/rv32im/ilp32/libgcc.a(fixsfsi.o)
 .bss           0x00002a04        0x0 /home/sogang/work/riscv32im/lib/gcc/riscv32-unknown-elf/13.2.0/rv32im/ilp32/libgcc.a(floatsisf.o)
 .bss           0x00002a04        0x0 /home/sogang/work/riscv32im/lib/gcc/riscv32-unknown-elf/13.2.0/rv32im/ilp32/libgcc.a(truncdfsf2.o)
 .bss           0x00002a04        0x0 /home/sogang/work/riscv32im/lib/gcc/riscv32-unknown-elf/13.2.0/rv32im/ilp32/libgcc.a(_clzsi2.o)
 .bss           0x00002a04        0x0 /home/sogang/work/riscv32im/lib/gcc/riscv32-unknown-elf/13.2.0/rv32im/ilp32/libgcc.a(_clz.o)
 *(.sbss .sbss.*)
                0x00002a04                        PROVIDE (_bss_end = .)
                0x00002a08                        . = ALIGN (0x8)
 *fill*         0x00002a04        0x4 
                [!provide]                        PROVIDE (_memory_start = ORIGIN (RAM))
                0x00020000                        PROVIDE (_memory_end = (ORIGIN (RAM) + LENGTH (RAM)))
                0x00020000                        PROVIDE (_stack_end = _memory_end)
START GROUP
LOAD /home/sogang/work/riscv32im/riscv32-unknown-elf/lib/libc.a
LOAD /home/sogang/work/riscv32im/riscv32-unknown-elf/lib/libm.a
LOAD /home/sogang/work/riscv32im/lib/gcc/riscv32-unknown-elf/13.2.0/rv32im/ilp32/libgcc.a
END GROUP
OUTPUT(sieve_test.elf elf32-littleriscv)

.riscv.attributes
                0x00000000       0x2a
 .riscv.attributes
                0x00000000       0x28 obj/start.o
 .riscv.attributes
                0x00000028       0x2a obj/main.o
 .riscv.attributes
                0x00000052       0x2a obj/sieve.o
 .riscv.attributes
                0x0000007c       0x2a obj/my_printf.o
 .riscv.attributes
                0x000000a6       0x2a obj/uart_api.o
 .riscv.attributes
                0x000000d0       0x2a /home/sogang/work/riscv32im/lib/gcc/riscv32-unknown-elf/13.2.0/rv32im/ilp32/libgcc.a(adddf3.o)
 .riscv.attributes
                0x000000fa       0x2a /home/sogang/work/riscv32im/lib/gcc/riscv32-unknown-elf/13.2.0/rv32im/ilp32/libgcc.a(fixdfsi.o)
 .riscv.attributes
                0x00000124       0x2a /home/sogang/work/riscv32im/lib/gcc/riscv32-unknown-elf/13.2.0/rv32im/ilp32/libgcc.a(floatunsidf.o)
 .riscv.attributes
                0x0000014e       0x2a /home/sogang/work/riscv32im/lib/gcc/riscv32-unknown-elf/13.2.0/rv32im/ilp32/libgcc.a(eqsf2.o)
 .riscv.attributes
                0x00000178       0x2a /home/sogang/work/riscv32im/lib/gcc/riscv32-unknown-elf/13.2.0/rv32im/ilp32/libgcc.a(lesf2.o)
 .riscv.attributes
                0x000001a2       0x2a /home/sogang/work/riscv32im/lib/gcc/riscv32-unknown-elf/13.2.0/rv32im/ilp32/libgcc.a(mulsf3.o)
 .riscv.attributes
                0x000001cc       0x2a /home/sogang/work/riscv32im/lib/gcc/riscv32-unknown-elf/13.2.0/rv32im/ilp32/libgcc.a(subsf3.o)
 .riscv.attributes
                0x000001f6       0x2a /home/sogang/work/riscv32im/lib/gcc/riscv32-unknown-elf/13.2.0/rv32im/ilp32/libgcc.a(fixsfsi.o)
 .riscv.attributes
                0x00000220       0x2a /home/sogang/work/riscv32im/lib/gcc/riscv32-unknown-elf/13.2.0/rv32im/ilp32/libgcc.a(floatsisf.o)
 .riscv.attributes
                0x0000024a       0x2a /home/sogang/work/riscv32im/lib/gcc/riscv32-unknown-elf/13.2.0/rv32im/ilp32/libgcc.a(truncdfsf2.o)
 .riscv.attributes
                0x00000274       0x2a /home/sogang/work/riscv32im/lib/gcc/riscv32-unknown-elf/13.2.0/rv32im/ilp32/libgcc.a(_clzsi2.o)
 .riscv.attributes
                0x0000029e       0x2a /home/sogang/work/riscv32im/lib/gcc/riscv32-unknown-elf/13.2.0/rv32im/ilp32/libgcc.a(_clz.o)

.comment        0x00000000        0xf
 .comment       0x00000000        0xf obj/main.o
                                 0x10 (size before relaxing)
 .comment       0x0000000f       0x10 obj/sieve.o
 .comment       0x0000000f       0x10 obj/my_printf.o
 .comment       0x0000000f       0x10 obj/uart_api.o
 .comment       0x0000000f       0x10 /home/sogang/work/riscv32im/lib/gcc/riscv32-unknown-elf/13.2.0/rv32im/ilp32/libgcc.a(adddf3.o)
 .comment       0x0000000f       0x10 /home/sogang/work/riscv32im/lib/gcc/riscv32-unknown-elf/13.2.0/rv32im/ilp32/libgcc.a(fixdfsi.o)
 .comment       0x0000000f       0x10 /home/sogang/work/riscv32im/lib/gcc/riscv32-unknown-elf/13.2.0/rv32im/ilp32/libgcc.a(floatunsidf.o)
 .comment       0x0000000f       0x10 /home/sogang/work/riscv32im/lib/gcc/riscv32-unknown-elf/13.2.0/rv32im/ilp32/libgcc.a(eqsf2.o)
 .comment       0x0000000f       0x10 /home/sogang/work/riscv32im/lib/gcc/riscv32-unknown-elf/13.2.0/rv32im/ilp32/libgcc.a(lesf2.o)
 .comment       0x0000000f       0x10 /home/sogang/work/riscv32im/lib/gcc/riscv32-unknown-elf/13.2.0/rv32im/ilp32/libgcc.a(mulsf3.o)
 .comment       0x0000000f       0x10 /home/sogang/work/riscv32im/lib/gcc/riscv32-unknown-elf/13.2.0/rv32im/ilp32/libgcc.a(subsf3.o)
 .comment       0x0000000f       0x10 /home/sogang/work/riscv32im/lib/gcc/riscv32-unknown-elf/13.2.0/rv32im/ilp32/libgcc.a(fixsfsi.o)
 .comment       0x0000000f       0x10 /home/sogang/work/riscv32im/lib/gcc/riscv32-unknown-elf/13.2.0/rv32im/ilp32/libgcc.a(floatsisf.o)
 .comment       0x0000000f       0x10 /home/sogang/work/riscv32im/lib/gcc/riscv32-unknown-elf/13.2.0/rv32im/ilp32/libgcc.a(truncdfsf2.o)
 .comment       0x0000000f       0x10 /home/sogang/work/riscv32im/lib/gcc/riscv32-unknown-elf/13.2.0/rv32im/ilp32/libgcc.a(_clzsi2.o)
 .comment       0x0000000f       0x10 /home/sogang/work/riscv32im/lib/gcc/riscv32-unknown-elf/13.2.0/rv32im/ilp32/libgcc.a(_clz.o)

.debug_info     0x00000000     0x1bc0
 .debug_info    0x00000000      0x501 /home/sogang/work/riscv32im/lib/gcc/riscv32-unknown-elf/13.2.0/rv32im/ilp32/libgcc.a(adddf3.o)
 .debug_info    0x00000501      0x1ca /home/sogang/work/riscv32im/lib/gcc/riscv32-unknown-elf/13.2.0/rv32im/ilp32/libgcc.a(fixdfsi.o)
 .debug_info    0x000006cb      0x25d /home/sogang/work/riscv32im/lib/gcc/riscv32-unknown-elf/13.2.0/rv32im/ilp32/libgcc.a(floatunsidf.o)
 .debug_info    0x00000928      0x1fb /home/sogang/work/riscv32im/lib/gcc/riscv32-unknown-elf/13.2.0/rv32im/ilp32/libgcc.a(eqsf2.o)
 .debug_info    0x00000b23      0x201 /home/sogang/work/riscv32im/lib/gcc/riscv32-unknown-elf/13.2.0/rv32im/ilp32/libgcc.a(lesf2.o)
 .debug_info    0x00000d24      0x348 /home/sogang/work/riscv32im/lib/gcc/riscv32-unknown-elf/13.2.0/rv32im/ilp32/libgcc.a(mulsf3.o)
 .debug_info    0x0000106c      0x2ec /home/sogang/work/riscv32im/lib/gcc/riscv32-unknown-elf/13.2.0/rv32im/ilp32/libgcc.a(subsf3.o)
 .debug_info    0x00001358      0x1b1 /home/sogang/work/riscv32im/lib/gcc/riscv32-unknown-elf/13.2.0/rv32im/ilp32/libgcc.a(fixsfsi.o)
 .debug_info    0x00001509      0x213 /home/sogang/work/riscv32im/lib/gcc/riscv32-unknown-elf/13.2.0/rv32im/ilp32/libgcc.a(floatsisf.o)
 .debug_info    0x0000171c      0x26e /home/sogang/work/riscv32im/lib/gcc/riscv32-unknown-elf/13.2.0/rv32im/ilp32/libgcc.a(truncdfsf2.o)
 .debug_info    0x0000198a      0x150 /home/sogang/work/riscv32im/lib/gcc/riscv32-unknown-elf/13.2.0/rv32im/ilp32/libgcc.a(_clzsi2.o)
 .debug_info    0x00001ada       0xe6 /home/sogang/work/riscv32im/lib/gcc/riscv32-unknown-elf/13.2.0/rv32im/ilp32/libgcc.a(_clz.o)

.debug_abbrev   0x00000000      0xecc
 .debug_abbrev  0x00000000      0x176 /home/sogang/work/riscv32im/lib/gcc/riscv32-unknown-elf/13.2.0/rv32im/ilp32/libgcc.a(adddf3.o)
 .debug_abbrev  0x00000176      0x15d /home/sogang/work/riscv32im/lib/gcc/riscv32-unknown-elf/13.2.0/rv32im/ilp32/libgcc.a(fixdfsi.o)
 .debug_abbrev  0x000002d3      0x163 /home/sogang/work/riscv32im/lib/gcc/riscv32-unknown-elf/13.2.0/rv32im/ilp32/libgcc.a(floatunsidf.o)
 .debug_abbrev  0x00000436      0x12d /home/sogang/work/riscv32im/lib/gcc/riscv32-unknown-elf/13.2.0/rv32im/ilp32/libgcc.a(eqsf2.o)
 .debug_abbrev  0x00000563      0x15f /home/sogang/work/riscv32im/lib/gcc/riscv32-unknown-elf/13.2.0/rv32im/ilp32/libgcc.a(lesf2.o)
 .debug_abbrev  0x000006c2      0x150 /home/sogang/work/riscv32im/lib/gcc/riscv32-unknown-elf/13.2.0/rv32im/ilp32/libgcc.a(mulsf3.o)
 .debug_abbrev  0x00000812      0x164 /home/sogang/work/riscv32im/lib/gcc/riscv32-unknown-elf/13.2.0/rv32im/ilp32/libgcc.a(subsf3.o)
 .debug_abbrev  0x00000976      0x15d /home/sogang/work/riscv32im/lib/gcc/riscv32-unknown-elf/13.2.0/rv32im/ilp32/libgcc.a(fixsfsi.o)
 .debug_abbrev  0x00000ad3      0x16d /home/sogang/work/riscv32im/lib/gcc/riscv32-unknown-elf/13.2.0/rv32im/ilp32/libgcc.a(floatsisf.o)
 .debug_abbrev  0x00000c40      0x152 /home/sogang/work/riscv32im/lib/gcc/riscv32-unknown-elf/13.2.0/rv32im/ilp32/libgcc.a(truncdfsf2.o)
 .debug_abbrev  0x00000d92       0xca /home/sogang/work/riscv32im/lib/gcc/riscv32-unknown-elf/13.2.0/rv32im/ilp32/libgcc.a(_clzsi2.o)
 .debug_abbrev  0x00000e5c       0x70 /home/sogang/work/riscv32im/lib/gcc/riscv32-unknown-elf/13.2.0/rv32im/ilp32/libgcc.a(_clz.o)

.debug_loclists
                0x00000000     0x19d9
 .debug_loclists
                0x00000000      0xabf /home/sogang/work/riscv32im/lib/gcc/riscv32-unknown-elf/13.2.0/rv32im/ilp32/libgcc.a(adddf3.o)
 .debug_loclists
                0x00000abf       0xcf /home/sogang/work/riscv32im/lib/gcc/riscv32-unknown-elf/13.2.0/rv32im/ilp32/libgcc.a(fixdfsi.o)
 .debug_loclists
                0x00000b8e       0xb4 /home/sogang/work/riscv32im/lib/gcc/riscv32-unknown-elf/13.2.0/rv32im/ilp32/libgcc.a(floatunsidf.o)
 .debug_loclists
                0x00000c42       0x2c /home/sogang/work/riscv32im/lib/gcc/riscv32-unknown-elf/13.2.0/rv32im/ilp32/libgcc.a(eqsf2.o)
 .debug_loclists
                0x00000c6e       0x8f /home/sogang/work/riscv32im/lib/gcc/riscv32-unknown-elf/13.2.0/rv32im/ilp32/libgcc.a(lesf2.o)
 .debug_loclists
                0x00000cfd      0x356 /home/sogang/work/riscv32im/lib/gcc/riscv32-unknown-elf/13.2.0/rv32im/ilp32/libgcc.a(mulsf3.o)
 .debug_loclists
                0x00001053      0x588 /home/sogang/work/riscv32im/lib/gcc/riscv32-unknown-elf/13.2.0/rv32im/ilp32/libgcc.a(subsf3.o)
 .debug_loclists
                0x000015db       0x8e /home/sogang/work/riscv32im/lib/gcc/riscv32-unknown-elf/13.2.0/rv32im/ilp32/libgcc.a(fixsfsi.o)
 .debug_loclists
                0x00001669      0x13d /home/sogang/work/riscv32im/lib/gcc/riscv32-unknown-elf/13.2.0/rv32im/ilp32/libgcc.a(floatsisf.o)
 .debug_loclists
                0x000017a6      0x1ef /home/sogang/work/riscv32im/lib/gcc/riscv32-unknown-elf/13.2.0/rv32im/ilp32/libgcc.a(truncdfsf2.o)
 .debug_loclists
                0x00001995       0x44 /home/sogang/work/riscv32im/lib/gcc/riscv32-unknown-elf/13.2.0/rv32im/ilp32/libgcc.a(_clzsi2.o)

.debug_aranges  0x00000000      0x178
 .debug_aranges
                0x00000000       0x20 /home/sogang/work/riscv32im/lib/gcc/riscv32-unknown-elf/13.2.0/rv32im/ilp32/libgcc.a(adddf3.o)
 .debug_aranges
                0x00000020       0x20 /home/sogang/work/riscv32im/lib/gcc/riscv32-unknown-elf/13.2.0/rv32im/ilp32/libgcc.a(fixdfsi.o)
 .debug_aranges
                0x00000040       0x20 /home/sogang/work/riscv32im/lib/gcc/riscv32-unknown-elf/13.2.0/rv32im/ilp32/libgcc.a(floatunsidf.o)
 .debug_aranges
                0x00000060       0x20 /home/sogang/work/riscv32im/lib/gcc/riscv32-unknown-elf/13.2.0/rv32im/ilp32/libgcc.a(eqsf2.o)
 .debug_aranges
                0x00000080       0x20 /home/sogang/work/riscv32im/lib/gcc/riscv32-unknown-elf/13.2.0/rv32im/ilp32/libgcc.a(lesf2.o)
 .debug_aranges
                0x000000a0       0x20 /home/sogang/work/riscv32im/lib/gcc/riscv32-unknown-elf/13.2.0/rv32im/ilp32/libgcc.a(mulsf3.o)
 .debug_aranges
                0x000000c0       0x20 /home/sogang/work/riscv32im/lib/gcc/riscv32-unknown-elf/13.2.0/rv32im/ilp32/libgcc.a(subsf3.o)
 .debug_aranges
                0x000000e0       0x20 /home/sogang/work/riscv32im/lib/gcc/riscv32-unknown-elf/13.2.0/rv32im/ilp32/libgcc.a(fixsfsi.o)
 .debug_aranges
                0x00000100       0x20 /home/sogang/work/riscv32im/lib/gcc/riscv32-unknown-elf/13.2.0/rv32im/ilp32/libgcc.a(floatsisf.o)
 .debug_aranges
                0x00000120       0x20 /home/sogang/work/riscv32im/lib/gcc/riscv32-unknown-elf/13.2.0/rv32im/ilp32/libgcc.a(truncdfsf2.o)
 .debug_aranges
                0x00000140       0x20 /home/sogang/work/riscv32im/lib/gcc/riscv32-unknown-elf/13.2.0/rv32im/ilp32/libgcc.a(_clzsi2.o)
 .debug_aranges
                0x00000160       0x18 /home/sogang/work/riscv32im/lib/gcc/riscv32-unknown-elf/13.2.0/rv32im/ilp32/libgcc.a(_clz.o)

.debug_rnglists
                0x00000000      0x2e8
 .debug_rnglists
                0x00000000       0xc7 /home/sogang/work/riscv32im/lib/gcc/riscv32-unknown-elf/13.2.0/rv32im/ilp32/libgcc.a(adddf3.o)
 .debug_rnglists
                0x000000c7       0x13 /home/sogang/work/riscv32im/lib/gcc/riscv32-unknown-elf/13.2.0/rv32im/ilp32/libgcc.a(fixdfsi.o)
 .debug_rnglists
                0x000000da       0x2f /home/sogang/work/riscv32im/lib/gcc/riscv32-unknown-elf/13.2.0/rv32im/ilp32/libgcc.a(floatunsidf.o)
 .debug_rnglists
                0x00000109       0x1d /home/sogang/work/riscv32im/lib/gcc/riscv32-unknown-elf/13.2.0/rv32im/ilp32/libgcc.a(eqsf2.o)
 .debug_rnglists
                0x00000126       0x20 /home/sogang/work/riscv32im/lib/gcc/riscv32-unknown-elf/13.2.0/rv32im/ilp32/libgcc.a(lesf2.o)
 .debug_rnglists
                0x00000146       0x7d /home/sogang/work/riscv32im/lib/gcc/riscv32-unknown-elf/13.2.0/rv32im/ilp32/libgcc.a(mulsf3.o)
 .debug_rnglists
                0x000001c3       0x96 /home/sogang/work/riscv32im/lib/gcc/riscv32-unknown-elf/13.2.0/rv32im/ilp32/libgcc.a(subsf3.o)
 .debug_rnglists
                0x00000259       0x13 /home/sogang/work/riscv32im/lib/gcc/riscv32-unknown-elf/13.2.0/rv32im/ilp32/libgcc.a(fixsfsi.o)
 .debug_rnglists
                0x0000026c       0x44 /home/sogang/work/riscv32im/lib/gcc/riscv32-unknown-elf/13.2.0/rv32im/ilp32/libgcc.a(floatsisf.o)
 .debug_rnglists
                0x000002b0       0x22 /home/sogang/work/riscv32im/lib/gcc/riscv32-unknown-elf/13.2.0/rv32im/ilp32/libgcc.a(truncdfsf2.o)
 .debug_rnglists
                0x000002d2       0x16 /home/sogang/work/riscv32im/lib/gcc/riscv32-unknown-elf/13.2.0/rv32im/ilp32/libgcc.a(_clzsi2.o)

.debug_line     0x00000000     0x3a88
 .debug_line    0x00000000     0x1224 /home/sogang/work/riscv32im/lib/gcc/riscv32-unknown-elf/13.2.0/rv32im/ilp32/libgcc.a(adddf3.o)
 .debug_line    0x00001224      0x1db /home/sogang/work/riscv32im/lib/gcc/riscv32-unknown-elf/13.2.0/rv32im/ilp32/libgcc.a(fixdfsi.o)
 .debug_line    0x000013ff      0x239 /home/sogang/work/riscv32im/lib/gcc/riscv32-unknown-elf/13.2.0/rv32im/ilp32/libgcc.a(floatunsidf.o)
 .debug_line    0x00001638      0x22f /home/sogang/work/riscv32im/lib/gcc/riscv32-unknown-elf/13.2.0/rv32im/ilp32/libgcc.a(eqsf2.o)
 .debug_line    0x00001867      0x2df /home/sogang/work/riscv32im/lib/gcc/riscv32-unknown-elf/13.2.0/rv32im/ilp32/libgcc.a(lesf2.o)
 .debug_line    0x00001b46      0x7e9 /home/sogang/work/riscv32im/lib/gcc/riscv32-unknown-elf/13.2.0/rv32im/ilp32/libgcc.a(mulsf3.o)
 .debug_line    0x0000232f      0xc5b /home/sogang/work/riscv32im/lib/gcc/riscv32-unknown-elf/13.2.0/rv32im/ilp32/libgcc.a(subsf3.o)
 .debug_line    0x00002f8a      0x209 /home/sogang/work/riscv32im/lib/gcc/riscv32-unknown-elf/13.2.0/rv32im/ilp32/libgcc.a(fixsfsi.o)
 .debug_line    0x00003193      0x357 /home/sogang/work/riscv32im/lib/gcc/riscv32-unknown-elf/13.2.0/rv32im/ilp32/libgcc.a(floatsisf.o)
 .debug_line    0x000034ea      0x480 /home/sogang/work/riscv32im/lib/gcc/riscv32-unknown-elf/13.2.0/rv32im/ilp32/libgcc.a(truncdfsf2.o)
 .debug_line    0x0000396a       0xdf /home/sogang/work/riscv32im/lib/gcc/riscv32-unknown-elf/13.2.0/rv32im/ilp32/libgcc.a(_clzsi2.o)
 .debug_line    0x00003a49       0x3f /home/sogang/work/riscv32im/lib/gcc/riscv32-unknown-elf/13.2.0/rv32im/ilp32/libgcc.a(_clz.o)

.debug_str      0x00000000      0x500
 .debug_str     0x00000000      0x500 /home/sogang/work/riscv32im/lib/gcc/riscv32-unknown-elf/13.2.0/rv32im/ilp32/libgcc.a(adddf3.o)
                                0x2a7 (size before relaxing)
 .debug_str     0x00000500      0x1b4 /home/sogang/work/riscv32im/lib/gcc/riscv32-unknown-elf/13.2.0/rv32im/ilp32/libgcc.a(fixdfsi.o)
 .debug_str     0x00000500      0x24c /home/sogang/work/riscv32im/lib/gcc/riscv32-unknown-elf/13.2.0/rv32im/ilp32/libgcc.a(floatunsidf.o)
 .debug_str     0x00000500      0x19d /home/sogang/work/riscv32im/lib/gcc/riscv32-unknown-elf/13.2.0/rv32im/ilp32/libgcc.a(eqsf2.o)
 .debug_str     0x00000500      0x1c1 /home/sogang/work/riscv32im/lib/gcc/riscv32-unknown-elf/13.2.0/rv32im/ilp32/libgcc.a(lesf2.o)
 .debug_str     0x00000500      0x28f /home/sogang/work/riscv32im/lib/gcc/riscv32-unknown-elf/13.2.0/rv32im/ilp32/libgcc.a(mulsf3.o)
 .debug_str     0x00000500      0x26a /home/sogang/work/riscv32im/lib/gcc/riscv32-unknown-elf/13.2.0/rv32im/ilp32/libgcc.a(subsf3.o)
 .debug_str     0x00000500      0x1a2 /home/sogang/work/riscv32im/lib/gcc/riscv32-unknown-elf/13.2.0/rv32im/ilp32/libgcc.a(fixsfsi.o)
 .debug_str     0x00000500      0x232 /home/sogang/work/riscv32im/lib/gcc/riscv32-unknown-elf/13.2.0/rv32im/ilp32/libgcc.a(floatsisf.o)
 .debug_str     0x00000500      0x233 /home/sogang/work/riscv32im/lib/gcc/riscv32-unknown-elf/13.2.0/rv32im/ilp32/libgcc.a(truncdfsf2.o)
 .debug_str     0x00000500      0x1d1 /home/sogang/work/riscv32im/lib/gcc/riscv32-unknown-elf/13.2.0/rv32im/ilp32/libgcc.a(_clzsi2.o)
 .debug_str     0x00000500      0x1b4 /home/sogang/work/riscv32im/lib/gcc/riscv32-unknown-elf/13.2.0/rv32im/ilp32/libgcc.a(_clz.o)

.debug_line_str
                0x00000000      0x30c
 .debug_line_str
                0x00000000      0x30c /home/sogang/work/riscv32im/lib/gcc/riscv32-unknown-elf/13.2.0/rv32im/ilp32/libgcc.a(adddf3.o)
                                0x198 (size before relaxing)
 .debug_line_str
                0x0000030c      0x1a5 /home/sogang/work/riscv32im/lib/gcc/riscv32-unknown-elf/13.2.0/rv32im/ilp32/libgcc.a(fixdfsi.o)
 .debug_line_str
                0x0000030c      0x1b1 /home/sogang/work/riscv32im/lib/gcc/riscv32-unknown-elf/13.2.0/rv32im/ilp32/libgcc.a(floatunsidf.o)
 .debug_line_str
                0x0000030c      0x1a5 /home/sogang/work/riscv32im/lib/gcc/riscv32-unknown-elf/13.2.0/rv32im/ilp32/libgcc.a(eqsf2.o)
 .debug_line_str
                0x0000030c      0x1a5 /home/sogang/work/riscv32im/lib/gcc/riscv32-unknown-elf/13.2.0/rv32im/ilp32/libgcc.a(lesf2.o)
 .debug_line_str
                0x0000030c      0x1a2 /home/sogang/work/riscv32im/lib/gcc/riscv32-unknown-elf/13.2.0/rv32im/ilp32/libgcc.a(mulsf3.o)
 .debug_line_str
                0x0000030c      0x198 /home/sogang/work/riscv32im/lib/gcc/riscv32-unknown-elf/13.2.0/rv32im/ilp32/libgcc.a(subsf3.o)
 .debug_line_str
                0x0000030c      0x1a5 /home/sogang/work/riscv32im/lib/gcc/riscv32-unknown-elf/13.2.0/rv32im/ilp32/libgcc.a(fixsfsi.o)
 .debug_line_str
                0x0000030c      0x1ab /home/sogang/work/riscv32im/lib/gcc/riscv32-unknown-elf/13.2.0/rv32im/ilp32/libgcc.a(floatsisf.o)
 .debug_line_str
                0x0000030c      0x1ad /home/sogang/work/riscv32im/lib/gcc/riscv32-unknown-elf/13.2.0/rv32im/ilp32/libgcc.a(truncdfsf2.o)
 .debug_line_str
                0x0000030c      0x18c /home/sogang/work/riscv32im/lib/gcc/riscv32-unknown-elf/13.2.0/rv32im/ilp32/libgcc.a(_clzsi2.o)
 .debug_line_str
                0x0000030c      0x18c /home/sogang/work/riscv32im/lib/gcc/riscv32-unknown-elf/13.2.0/rv32im/ilp32/libgcc.a(_clz.o)

.debug_frame    0x00000000      0x1fc
 .debug_frame   0x00000000       0x44 /home/sogang/work/riscv32im/lib/gcc/riscv32-unknown-elf/13.2.0/rv32im/ilp32/libgcc.a(adddf3.o)
 .debug_frame   0x00000044       0x20 /home/sogang/work/riscv32im/lib/gcc/riscv32-unknown-elf/13.2.0/rv32im/ilp32/libgcc.a(fixdfsi.o)
 .debug_frame   0x00000064       0x34 /home/sogang/work/riscv32im/lib/gcc/riscv32-unknown-elf/13.2.0/rv32im/ilp32/libgcc.a(floatunsidf.o)
 .debug_frame   0x00000098       0x20 /home/sogang/work/riscv32im/lib/gcc/riscv32-unknown-elf/13.2.0/rv32im/ilp32/libgcc.a(eqsf2.o)
 .debug_frame   0x000000b8       0x20 /home/sogang/work/riscv32im/lib/gcc/riscv32-unknown-elf/13.2.0/rv32im/ilp32/libgcc.a(lesf2.o)
 .debug_frame   0x000000d8       0x4c /home/sogang/work/riscv32im/lib/gcc/riscv32-unknown-elf/13.2.0/rv32im/ilp32/libgcc.a(mulsf3.o)
 .debug_frame   0x00000124       0x40 /home/sogang/work/riscv32im/lib/gcc/riscv32-unknown-elf/13.2.0/rv32im/ilp32/libgcc.a(subsf3.o)
 .debug_frame   0x00000164       0x20 /home/sogang/work/riscv32im/lib/gcc/riscv32-unknown-elf/13.2.0/rv32im/ilp32/libgcc.a(fixsfsi.o)
 .debug_frame   0x00000184       0x38 /home/sogang/work/riscv32im/lib/gcc/riscv32-unknown-elf/13.2.0/rv32im/ilp32/libgcc.a(floatsisf.o)
 .debug_frame   0x000001bc       0x20 /home/sogang/work/riscv32im/lib/gcc/riscv32-unknown-elf/13.2.0/rv32im/ilp32/libgcc.a(truncdfsf2.o)
 .debug_frame   0x000001dc       0x20 /home/sogang/work/riscv32im/lib/gcc/riscv32-unknown-elf/13.2.0/rv32im/ilp32/libgcc.a(_clzsi2.o)
