#-----------------------------------------------------------
# Vivado v2021.2 (64-bit)
# SW Build 3367213 on Tue Oct 19 02:47:39 MDT 2021
# IP Build 3369179 on Thu Oct 21 08:25:16 MDT 2021
# Start of session at: Wed Nov 26 10:36:59 2025
# Process ID: 1488711
# Current directory: /home/sogang/Desktop/riscv_platform_1020/riscv32im_soc/hw/impl.ip_integrator/zed.confmc/project_design_riscv_cache/project_design_riscv_cache.runs/impl_1
# Command line: vivado -log design_riscv_cache_wrapper.vdi -applog -product Vivado -messageDb vivado.pb -mode batch -source design_riscv_cache_wrapper.tcl -notrace
# Log file: /home/sogang/Desktop/riscv_platform_1020/riscv32im_soc/hw/impl.ip_integrator/zed.confmc/project_design_riscv_cache/project_design_riscv_cache.runs/impl_1/design_riscv_cache_wrapper.vdi
# Journal file: /home/sogang/Desktop/riscv_platform_1020/riscv32im_soc/hw/impl.ip_integrator/zed.confmc/project_design_riscv_cache/project_design_riscv_cache.runs/impl_1/vivado.jou
# Running On: sogang-500TGA-500SGA, OS: Linux, CPU Frequency: 855.812 MHz, CPU Physical cores: 10, Host memory: 16429 MB
#-----------------------------------------------------------
source design_riscv_cache_wrapper.tcl -notrace
